
1. $ git checkout -b lesson-4

Switched to a new branch 'lesson-4'

2. $ git status

On branch lesson-4

Changes not staged for commit:
  (use "git add/rm <file>..." to update what will be committed)
  (use "git restore <file>..." to discard changes in working directory)
        modified:   css/reset.css
        modified:   css/style.css
        modified:   css/style.css.map
        deleted:    css/style.scss
        deleted:    css/style.txt

3. 










https://github.com/Escolar-063/shop-project/pull/4

https://github.com/Escolar-063/shop-project/pull/5

https://escolar-063.github.io/shop-project/

https://escolar-063.github.io/shop-project/registration.html





